SET
SET
SET
SET
SET
 set_config 
------------
 
(1 row)

SET
SET
SET
SET
CREATE EXTENSION
COMMENT
CREATE EXTENSION
COMMENT
CREATE EXTENSION
COMMENT
CREATE FUNCTION
CREATE FUNCTION
CREATE FUNCTION
SET
SET
CREATE TABLE
CREATE TABLE
CREATE SEQUENCE
ALTER SEQUENCE
CREATE TABLE
CREATE TABLE
CREATE SEQUENCE
ALTER SEQUENCE
CREATE TABLE
COMMENT
COMMENT
COMMENT
COMMENT
COMMENT
COMMENT
COMMENT
COMMENT
COMMENT
COMMENT
COMMENT
CREATE SEQUENCE
ALTER SEQUENCE
CREATE TABLE
CREATE SEQUENCE
ALTER SEQUENCE
CREATE TABLE
COMMENT
CREATE SEQUENCE
ALTER SEQUENCE
CREATE TABLE
COMMENT
COMMENT
COMMENT
COMMENT
CREATE SEQUENCE
ALTER SEQUENCE
CREATE TABLE
CREATE SEQUENCE
ALTER SEQUENCE
CREATE TABLE
CREATE SEQUENCE
ALTER SEQUENCE
CREATE TABLE
CREATE SEQUENCE
ALTER SEQUENCE
CREATE TABLE
CREATE SEQUENCE
ALTER SEQUENCE
CREATE TABLE
CREATE TABLE
CREATE SEQUENCE
CREATE TABLE
CREATE TABLE
CREATE SEQUENCE
ALTER SEQUENCE
CREATE TABLE
CREATE TABLE
CREATE SEQUENCE
ALTER SEQUENCE
CREATE TABLE
CREATE TABLE
CREATE SEQUENCE
ALTER SEQUENCE
CREATE TABLE
CREATE SEQUENCE
ALTER SEQUENCE
CREATE TABLE
CREATE SEQUENCE
ALTER SEQUENCE
CREATE TABLE
CREATE SEQUENCE
ALTER SEQUENCE
CREATE TABLE
CREATE TABLE
CREATE TABLE
CREATE SEQUENCE
ALTER SEQUENCE
CREATE TABLE
CREATE SEQUENCE
ALTER SEQUENCE
CREATE TABLE
CREATE SEQUENCE
ALTER SEQUENCE
CREATE TABLE
CREATE SEQUENCE
ALTER SEQUENCE
CREATE TABLE
CREATE TABLE
CREATE SEQUENCE
ALTER SEQUENCE
CREATE TABLE
CREATE SEQUENCE
ALTER SEQUENCE
CREATE TABLE
COMMENT
CREATE SEQUENCE
ALTER SEQUENCE
CREATE TABLE
CREATE TABLE
ALTER TABLE
CREATE TABLE
CREATE TABLE
CREATE SEQUENCE
ALTER SEQUENCE
CREATE TABLE
CREATE TABLE
CREATE TABLE
CREATE TABLE
CREATE TABLE
ALTER TABLE
CREATE TABLE
CREATE TABLE
CREATE SEQUENCE
ALTER SEQUENCE
CREATE TABLE
CREATE TABLE
CREATE SEQUENCE
ALTER SEQUENCE
CREATE TABLE
CREATE TABLE
COMMENT
CREATE SEQUENCE
ALTER SEQUENCE
CREATE TABLE
CREATE TABLE
CREATE TABLE
CREATE SEQUENCE
ALTER SEQUENCE
CREATE TABLE
COMMENT
CREATE SEQUENCE
ALTER SEQUENCE
CREATE TABLE
CREATE SEQUENCE
ALTER SEQUENCE
ALTER TABLE
ALTER TABLE
ALTER TABLE
ALTER TABLE
ALTER TABLE
ALTER TABLE
ALTER TABLE
ALTER TABLE
ALTER TABLE
ALTER TABLE
ALTER TABLE
ALTER TABLE
ALTER TABLE
ALTER TABLE
ALTER TABLE
ALTER TABLE
ALTER TABLE
ALTER TABLE
ALTER TABLE
ALTER TABLE
ALTER TABLE
ALTER TABLE
ALTER TABLE
ALTER TABLE
ALTER TABLE
ALTER TABLE
ALTER TABLE
ALTER TABLE
ALTER TABLE
ALTER TABLE
ALTER TABLE
ALTER TABLE
ALTER TABLE
ALTER TABLE
ALTER TABLE
ALTER TABLE
ALTER TABLE
ALTER TABLE
ALTER TABLE
ALTER TABLE
ALTER TABLE
ALTER TABLE
ALTER TABLE
ALTER TABLE
ALTER TABLE
ALTER TABLE
ALTER TABLE
ALTER TABLE
ALTER TABLE
ALTER TABLE
ALTER TABLE
ALTER TABLE
ALTER TABLE
ALTER TABLE
ALTER TABLE
ALTER TABLE
ALTER TABLE
ALTER TABLE
ALTER TABLE
ALTER TABLE
ALTER TABLE
ALTER TABLE
ALTER TABLE
ALTER TABLE
ALTER TABLE
ALTER TABLE
ALTER TABLE
ALTER TABLE
ALTER TABLE
ALTER TABLE
ALTER TABLE
ALTER TABLE
ALTER TABLE
ALTER TABLE
ALTER TABLE
ALTER TABLE
ALTER TABLE
ALTER TABLE
ALTER TABLE
ALTER TABLE
ALTER TABLE
ALTER TABLE
ALTER TABLE
ALTER TABLE
ALTER TABLE
ALTER TABLE
ALTER TABLE
ALTER TABLE
ALTER TABLE
ALTER TABLE
ALTER TABLE
ALTER TABLE
ALTER TABLE
ALTER TABLE
ALTER TABLE
CREATE INDEX
CREATE INDEX
CREATE INDEX
CREATE INDEX
CREATE INDEX
CREATE INDEX
CREATE INDEX
CREATE INDEX
CREATE INDEX
CREATE INDEX
CREATE INDEX
CREATE INDEX
CREATE INDEX
CREATE INDEX
CREATE INDEX
CREATE INDEX
CREATE INDEX
CREATE INDEX
CREATE INDEX
CREATE INDEX
CREATE INDEX
CREATE INDEX
CREATE INDEX
CREATE INDEX
CREATE INDEX
CREATE INDEX
CREATE INDEX
CREATE INDEX
CREATE INDEX
CREATE INDEX
CREATE INDEX
CREATE INDEX
CREATE INDEX
CREATE INDEX
CREATE INDEX
CREATE INDEX
CREATE INDEX
CREATE INDEX
CREATE INDEX
CREATE INDEX
CREATE INDEX
CREATE INDEX
CREATE INDEX
CREATE INDEX
CREATE INDEX
CREATE INDEX
CREATE INDEX
CREATE INDEX
CREATE INDEX
CREATE INDEX
CREATE INDEX
CREATE INDEX
CREATE INDEX
CREATE INDEX
CREATE INDEX
CREATE INDEX
CREATE INDEX
CREATE INDEX
CREATE INDEX
CREATE INDEX
CREATE INDEX
CREATE INDEX
CREATE INDEX
CREATE INDEX
CREATE INDEX
CREATE INDEX
CREATE INDEX
CREATE INDEX
CREATE INDEX
CREATE INDEX
CREATE INDEX
CREATE INDEX
CREATE INDEX
CREATE INDEX
CREATE INDEX
CREATE INDEX
CREATE INDEX
CREATE INDEX
CREATE INDEX
CREATE INDEX
CREATE INDEX
CREATE INDEX
CREATE INDEX
CREATE INDEX
CREATE INDEX
CREATE INDEX
CREATE INDEX
CREATE INDEX
CREATE INDEX
CREATE INDEX
CREATE INDEX
CREATE INDEX
CREATE INDEX
CREATE INDEX
CREATE INDEX
CREATE INDEX
CREATE INDEX
CREATE INDEX
CREATE INDEX
CREATE INDEX
CREATE INDEX
CREATE INDEX
CREATE INDEX
CREATE INDEX
CREATE INDEX
CREATE INDEX
CREATE INDEX
CREATE INDEX
CREATE INDEX
CREATE INDEX
CREATE INDEX
CREATE TRIGGER
CREATE TRIGGER
CREATE TRIGGER
CREATE TRIGGER
ALTER TABLE
ALTER TABLE
ALTER TABLE
ALTER TABLE
ALTER TABLE
ALTER TABLE
ALTER TABLE
ALTER TABLE
ALTER TABLE
ALTER TABLE
ALTER TABLE
ALTER TABLE
ALTER TABLE
ALTER TABLE
ALTER TABLE
ALTER TABLE
ALTER TABLE
ALTER TABLE
ALTER TABLE
ALTER TABLE
ALTER TABLE
ALTER TABLE
ALTER TABLE
ALTER TABLE
ALTER TABLE
ALTER TABLE
ALTER TABLE
ALTER TABLE
ALTER TABLE
ALTER TABLE
ALTER TABLE
ALTER TABLE
ALTER TABLE
ALTER TABLE
ALTER TABLE
ALTER TABLE
ALTER TABLE
ALTER TABLE
ALTER TABLE
ALTER TABLE
ALTER TABLE
ALTER TABLE
ALTER TABLE
ALTER TABLE
ALTER TABLE
ALTER TABLE
ALTER TABLE
ALTER TABLE
ALTER TABLE
ALTER TABLE
ALTER TABLE
ALTER TABLE
ALTER TABLE
ALTER TABLE
ALTER TABLE
ALTER TABLE
ALTER TABLE
ALTER TABLE
ALTER TABLE
ALTER TABLE
ALTER TABLE
ALTER TABLE
ALTER TABLE
ALTER TABLE
ALTER TABLE
ALTER TABLE
ALTER TABLE
ALTER TABLE
ALTER TABLE
ALTER TABLE
ALTER TABLE
ALTER TABLE
ALTER TABLE
